** Drc report for xiaobreakout.kicad_pcb **
** Created on 2026-07-24T14:07:41 **
** Report includes: Errors, Warnings **

** Found 113 DRC violations **
[hole_clearance]: Hole clearance violation (board setup constraints hole clearance 0.2500 mm; actual 0.1750 mm)
    Rule: board setup constraints hole; error
    @(45.8400 mm, 112.4050 mm): Pad 2 [/GND] of SW1 on F.Cu
    @(46.9150 mm, 112.3550 mm): NPTH pad of SW1
[hole_clearance]: Hole clearance violation (board setup constraints hole clearance 0.2500 mm; actual 0.1750 mm)
    Rule: board setup constraints hole; error
    @(49.9400 mm, 112.4050 mm): Pad 2 [/GND] of SW1 on F.Cu
    @(48.8650 mm, 112.3550 mm): NPTH pad of SW1
[invalid_outline]: Board has malformed outline (no edges found on Edge.Cuts layer)
    Local override; error
    @(0.0000 mm, 0.0000 mm): PCB
[via_dangling]: Via is not connected or connected on only one layer
    Local override; warning
    @(53.1400 mm, 99.5250 mm): Via [/SDA/I2C] on F.Cu - B.Cu
[track_dangling]: Track has unconnected end
    Local override; warning
    @(68.3900 mm, 94.4450 mm): Track [/3V3] on B.Cu, length 1.6263 mm
[track_dangling]: Track has unconnected end
    Local override; warning
    @(52.5650 mm, 115.0300 mm): Track [/GND] on F.Cu, length 0.1061 mm
[track_dangling]: Track has unconnected end
    Local override; warning
    @(68.3900 mm, 91.9050 mm): Track [/GND] on B.Cu, length 2.6022 mm
[holes_co_located]: Drilled holes co-located
    Local override; warning
    @(62.1400 mm, 111.8550 mm): Via [/GND] on F.Cu - B.Cu
    @(62.1400 mm, 111.8550 mm): PTH pad 2 [/GND] of Joystick
[holes_co_located]: Drilled holes co-located
    Local override; warning
    @(53.1400 mm, 99.5250 mm): Via [/SDA/I2C] on F.Cu - B.Cu
    @(53.1400 mm, 99.5250 mm): PTH pad 5 [/SDA/I2C] of ESP32-C3
[holes_co_located]: Drilled holes co-located
    Local override; warning
    @(53.1400 mm, 99.5250 mm): Via [/SDA/I2C] on F.Cu - B.Cu
    @(53.1400 mm, 99.5250 mm): PTH pad 5 [/SDA/I2C] of ESP32-C3
[holes_co_located]: Drilled holes co-located
    Local override; warning
    @(62.1400 mm, 111.8550 mm): Via [/GND] on F.Cu - B.Cu
    @(62.1400 mm, 111.8550 mm): PTH pad 2 [/GND] of Joystick
[text_thickness]: Text thickness out of range (TrueType font characters with insufficient stroke weight)
    Rule: board setup constraints silk text thickness; warning
    @(36.8250 mm, 115.5500 mm): PCB text 'Made by Hannu Pham' on F.Silkscreen
[silk_overlap]: Silkscreen clearance
    Rule: board setup constraints silk; warning
    @(36.8250 mm, 115.5500 mm): PCB text 'Made by Hannu Pham' on F.Silkscreen
    @(36.2500 mm, 86.9750 mm): Rule Area on F.Silkscreen
[silk_overlap]: Silkscreen clearance
    Rule: board setup constraints silk; warning
    @(36.2500 mm, 86.9750 mm): Rule Area on F.Silkscreen
    @(54.1400 mm, 116.1050 mm): PCB text 'JOY_SW' on F.Silkscreen
[silk_overlap]: Silkscreen clearance
    Rule: board setup constraints silk; warning
    @(36.2500 mm, 86.9750 mm): Rule Area on F.Silkscreen
    @(56.6400 mm, 116.1050 mm): PCB text 'JOY_Y
' on F.Silkscreen
[silk_overlap]: Silkscreen clearance
    Rule: board setup constraints silk; warning
    @(36.2500 mm, 86.9750 mm): Rule Area on F.Silkscreen
    @(59.3900 mm, 115.8550 mm): PCB text 'JOY_X
' on F.Silkscreen
[silk_overlap]: Silkscreen clearance
    Rule: board setup constraints silk; warning
    @(62.1400 mm, 116.3550 mm): PCB text 'GND
' on F.Silkscreen
    @(36.2500 mm, 86.9750 mm): Rule Area on F.Silkscreen
[silk_overlap]: Silkscreen clearance
    Rule: board setup constraints silk; warning
    @(36.2500 mm, 86.9750 mm): Rule Area on F.Silkscreen
    @(64.3900 mm, 116.3550 mm): PCB text '3V3
' on F.Silkscreen
[silk_overlap]: Silkscreen clearance
    Rule: board setup constraints silk; warning
    @(36.2500 mm, 86.9750 mm): Rule Area on F.Silkscreen
    @(47.8900 mm, 109.0050 mm): Reference field of SW1
[silk_overlap]: Silkscreen clearance
    Rule: board setup constraints silk; warning
    @(36.2500 mm, 86.9750 mm): Rule Area on F.Silkscreen
    @(45.6800 mm, 110.0450 mm): Segment of SW1 on F.Silkscreen
[silk_overlap]: Silkscreen clearance
    Rule: board setup constraints silk; warning
    @(36.2500 mm, 86.9750 mm): Rule Area on F.Silkscreen
    @(45.6800 mm, 111.5650 mm): Segment of SW1 on F.Silkscreen
[silk_overlap]: Silkscreen clearance
    Rule: board setup constraints silk; warning
    @(36.2500 mm, 86.9750 mm): Rule Area on F.Silkscreen
    @(48.2400 mm, 104.5700 mm): PCB text 'SCL
' on F.Silkscreen
[silk_overlap]: Silkscreen clearance
    Rule: board setup constraints silk; warning
    @(44.3900 mm, 94.6050 mm): PCB text 'I2C' on F.Silkscreen
    @(36.2500 mm, 86.9750 mm): Rule Area on F.Silkscreen
[silk_overlap]: Silkscreen clearance
    Rule: board setup constraints silk; warning
    @(48.8900 mm, 98.8550 mm): PCB text 'GND
' on F.Silkscreen
    @(36.2500 mm, 86.9750 mm): Rule Area on F.Silkscreen
[silk_overlap]: Silkscreen clearance
    Rule: board setup constraints silk; warning
    @(48.8900 mm, 97.1050 mm): Reference field of 3V3
    @(48.2900 mm, 95.8700 mm): Segment of 3V3 on F.Silkscreen
[silk_overlap]: Silkscreen clearance
    Rule: board setup constraints silk; warning
    @(48.8900 mm, 97.1050 mm): Reference field of 3V3
    @(36.2500 mm, 86.9750 mm): Rule Area on F.Silkscreen
[silk_overlap]: Silkscreen clearance
    Rule: board setup constraints silk; warning
    @(36.2500 mm, 86.9750 mm): Rule Area on F.Silkscreen
    @(48.2900 mm, 101.6200 mm): PCB text 'SDA
' on F.Silkscreen
[silk_overlap]: Silkscreen clearance
    Rule: board setup constraints silk; warning
    @(48.2900 mm, 101.6200 mm): PCB text 'SDA
' on F.Silkscreen
    @(48.2900 mm, 95.8700 mm): Segment of 3V3 on F.Silkscreen
[silk_overlap]: Silkscreen clearance
    Rule: board setup constraints silk; warning
    @(36.2500 mm, 86.9750 mm): Rule Area on F.Silkscreen
    @(43.4000 mm, 97.2200 mm): Segment of 3V3 on F.Silkscreen
[silk_overlap]: Silkscreen clearance
    Rule: board setup constraints silk; warning
    @(36.2500 mm, 86.9750 mm): Rule Area on F.Silkscreen
    @(48.2900 mm, 95.8700 mm): Segment of 3V3 on F.Silkscreen
[silk_overlap]: Silkscreen clearance
    Rule: board setup constraints silk; warning
    @(36.2500 mm, 86.9750 mm): Rule Area on F.Silkscreen
    @(49.1850 mm, 90.7800 mm): Reference field of J6/BAT
[silk_overlap]: Silkscreen clearance
    Rule: board setup constraints silk; warning
    @(36.2500 mm, 86.9750 mm): Rule Area on F.Silkscreen
    @(45.5350 mm, 92.1600 mm): Segment of J6/BAT on F.Silkscreen
[silk_overlap]: Silkscreen clearance
    Rule: board setup constraints silk; warning
    @(42.8850 mm, 89.4000 mm): Segment of J6/BAT on F.Silkscreen
    @(36.2500 mm, 86.9750 mm): Rule Area on F.Silkscreen
[silk_overlap]: Silkscreen clearance
    Rule: board setup constraints silk; warning
    @(36.2500 mm, 86.9750 mm): Rule Area on F.Silkscreen
    @(45.5350 mm, 89.4000 mm): Segment of J6/BAT on F.Silkscreen
[silk_overlap]: Silkscreen clearance
    Rule: board setup constraints silk; warning
    @(45.5350 mm, 89.4000 mm): Segment of J6/BAT on F.Silkscreen
    @(36.2500 mm, 86.9750 mm): Rule Area on F.Silkscreen
[silk_overlap]: Silkscreen clearance
    Rule: board setup constraints silk; warning
    @(46.8050 mm, 89.4000 mm): Segment of J6/BAT on F.Silkscreen
    @(36.2500 mm, 86.9750 mm): Rule Area on F.Silkscreen
[silk_overlap]: Silkscreen clearance
    Rule: board setup constraints silk; warning
    @(68.3900 mm, 106.9850 mm): Reference field of ESP32-C3
    @(36.2500 mm, 86.9750 mm): Rule Area on F.Silkscreen
[silk_overlap]: Silkscreen clearance
    Rule: board setup constraints silk; warning
    @(36.2500 mm, 86.9750 mm): Rule Area on F.Silkscreen
    @(67.0100 mm, 103.3350 mm): Segment of ESP32-C3 on F.Silkscreen
[silk_overlap]: Silkscreen clearance
    Rule: board setup constraints silk; warning
    @(36.2500 mm, 86.9750 mm): Rule Area on F.Silkscreen
    @(69.7700 mm, 87.9850 mm): Segment of ESP32-C3 on F.Silkscreen
[silk_overlap]: Silkscreen clearance
    Rule: board setup constraints silk; warning
    @(36.2500 mm, 86.9750 mm): Rule Area on F.Silkscreen
    @(69.7700 mm, 103.3350 mm): Segment of ESP32-C3 on F.Silkscreen
[silk_overlap]: Silkscreen clearance
    Rule: board setup constraints silk; warning
    @(69.7700 mm, 103.3350 mm): Segment of ESP32-C3 on F.Silkscreen
    @(36.2500 mm, 86.9750 mm): Rule Area on F.Silkscreen
[silk_overlap]: Silkscreen clearance
    Rule: board setup constraints silk; warning
    @(36.2500 mm, 86.9750 mm): Rule Area on F.Silkscreen
    @(69.7700 mm, 104.6050 mm): Segment of ESP32-C3 on F.Silkscreen
[silk_overlap]: Silkscreen clearance
    Rule: board setup constraints silk; warning
    @(48.2400 mm, 104.5700 mm): PCB text 'SCL
' on F.Silkscreen
    @(48.2400 mm, 102.9700 mm): Segment of 3V3 on F.Silkscreen
[silk_overlap]: Silkscreen clearance
    Rule: board setup constraints silk; warning
    @(36.2500 mm, 86.9750 mm): Rule Area on F.Silkscreen
    @(42.2900 mm, 95.8700 mm): Segment of 3V3 on F.Silkscreen
[silk_overlap]: Silkscreen clearance
    Rule: board setup constraints silk; warning
    @(36.2500 mm, 86.9750 mm): Rule Area on F.Silkscreen
    @(48.1850 mm, 89.4000 mm): Segment of J6/BAT on F.Silkscreen
[silk_overlap]: Silkscreen clearance
    Rule: board setup constraints silk; warning
    @(36.2500 mm, 86.9750 mm): Rule Area on F.Silkscreen
    @(69.7700 mm, 105.9850 mm): Segment of ESP32-C3 on F.Silkscreen
[silk_overlap]: Silkscreen clearance
    Rule: board setup constraints silk; warning
    @(36.2500 mm, 86.9750 mm): Rule Area on F.Silkscreen
    @(51.7600 mm, 87.9850 mm): Segment of ESP32-C3 on F.Silkscreen
[silk_overlap]: Silkscreen clearance
    Rule: board setup constraints silk; warning
    @(36.2500 mm, 86.9750 mm): Rule Area on F.Silkscreen
    @(51.7600 mm, 89.3650 mm): Segment of ESP32-C3 on F.Silkscreen
[silk_overlap]: Silkscreen clearance
    Rule: board setup constraints silk; warning
    @(36.2500 mm, 86.9750 mm): Rule Area on F.Silkscreen
    @(51.7600 mm, 90.6350 mm): Segment of ESP32-C3 on F.Silkscreen
[silk_overlap]: Silkscreen clearance
    Rule: board setup constraints silk; warning
    @(36.2500 mm, 86.9750 mm): Rule Area on F.Silkscreen
    @(51.7600 mm, 90.6350 mm): Segment of ESP32-C3 on F.Silkscreen
[silk_overlap]: Silkscreen clearance
    Rule: board setup constraints silk; warning
    @(36.2500 mm, 86.9750 mm): Rule Area on F.Silkscreen
    @(54.5200 mm, 90.6350 mm): Segment of ESP32-C3 on F.Silkscreen
[silk_overlap]: Silkscreen clearance
    Rule: board setup constraints silk; warning
    @(36.2500 mm, 86.9750 mm): Rule Area on F.Silkscreen
    @(67.0600 mm, 111.8550 mm): Reference field of Joystick
[silk_overlap]: Silkscreen clearance
    Rule: board setup constraints silk; warning
    @(36.2500 mm, 86.9750 mm): Rule Area on F.Silkscreen
    @(64.6800 mm, 110.4750 mm): Segment of Joystick on F.Silkscreen
[silk_overlap]: Silkscreen clearance
    Rule: board setup constraints silk; warning
    @(66.0600 mm, 110.4750 mm): Segment of Joystick on F.Silkscreen
    @(36.2500 mm, 86.9750 mm): Rule Area on F.Silkscreen
[silk_overlap]: Silkscreen clearance
    Rule: board setup constraints silk; warning
    @(36.2500 mm, 86.9750 mm): Rule Area on F.Silkscreen
    @(37.7400 mm, 98.8550 mm): Reference field of R1
[silk_overlap]: Silkscreen clearance
    Rule: board setup constraints silk; warning
    @(38.6550 mm, 103.2471 mm): Segment of R2 on F.Silkscreen
    @(36.2500 mm, 86.9750 mm): Rule Area on F.Silkscreen
[silk_overlap]: Silkscreen clearance
    Rule: board setup constraints silk; warning
    @(40.1250 mm, 103.2471 mm): Segment of R2 on F.Silkscreen
    @(36.2500 mm, 86.9750 mm): Rule Area on F.Silkscreen
[silk_overlap]: Silkscreen clearance
    Rule: board setup constraints silk; warning
    @(36.2500 mm, 86.9750 mm): Rule Area on F.Silkscreen
    @(38.6550 mm, 99.0821 mm): Segment of R1 on F.Silkscreen
[silk_overlap]: Silkscreen clearance
    Rule: board setup constraints silk; warning
    @(36.2500 mm, 86.9750 mm): Rule Area on F.Silkscreen
    @(40.1250 mm, 99.0821 mm): Segment of R1 on F.Silkscreen
[silk_overlap]: Silkscreen clearance
    Rule: board setup constraints silk; warning
    @(36.2500 mm, 86.9750 mm): Rule Area on F.Silkscreen
    @(42.3900 mm, 97.2200 mm): Segment of 3V3 on F.Silkscreen
[silk_overlap]: Silkscreen clearance
    Rule: board setup constraints silk; warning
    @(36.2500 mm, 86.9750 mm): Rule Area on F.Silkscreen
    @(42.2900 mm, 106.1700 mm): Segment of 3V3 on F.Silkscreen
[silk_overlap]: Silkscreen clearance
    Rule: board setup constraints silk; warning
    @(36.2500 mm, 86.9750 mm): Rule Area on F.Silkscreen
    @(43.4000 mm, 102.3000 mm): Segment of 3V3 on F.Silkscreen
[silk_overlap]: Silkscreen clearance
    Rule: board setup constraints silk; warning
    @(36.2500 mm, 86.9750 mm): Rule Area on F.Silkscreen
    @(48.2400 mm, 102.9700 mm): Segment of 3V3 on F.Silkscreen
[silk_overlap]: Silkscreen clearance
    Rule: board setup constraints silk; warning
    @(36.2500 mm, 86.9750 mm): Rule Area on F.Silkscreen
    @(48.2400 mm, 106.1700 mm): Segment of 3V3 on F.Silkscreen
[silk_overlap]: Silkscreen clearance
    Rule: board setup constraints silk; warning
    @(36.2500 mm, 86.9750 mm): Rule Area on F.Silkscreen
    @(51.7600 mm, 105.9850 mm): Segment of ESP32-C3 on F.Silkscreen
[silk_overlap]: Silkscreen clearance
    Rule: board setup constraints silk; warning
    @(36.2500 mm, 86.9750 mm): Rule Area on F.Silkscreen
    @(53.8900 mm, 107.1050 mm): Reference field of ESP32-C3
[silk_overlap]: Silkscreen clearance
    Rule: board setup constraints silk; warning
    @(49.0000 mm, 110.0450 mm): Segment of SW1 on F.Silkscreen
    @(36.2500 mm, 86.9750 mm): Rule Area on F.Silkscreen
[silk_overlap]: Silkscreen clearance
    Rule: board setup constraints silk; warning
    @(36.2500 mm, 86.9750 mm): Rule Area on F.Silkscreen
    @(50.1000 mm, 111.5650 mm): Segment of SW1 on F.Silkscreen
[silk_overlap]: Silkscreen clearance
    Rule: board setup constraints silk; warning
    @(36.2500 mm, 86.9750 mm): Rule Area on F.Silkscreen
    @(37.7400 mm, 103.0200 mm): Reference field of R2
[silk_overlap]: Silkscreen clearance
    Rule: board setup constraints silk; warning
    @(36.2500 mm, 86.9750 mm): Rule Area on F.Silkscreen
    @(53.1400 mm, 110.4750 mm): Segment of Joystick on F.Silkscreen
[silk_overlap]: Silkscreen clearance
    Rule: board setup constraints silk; warning
    @(36.2500 mm, 86.9750 mm): Rule Area on F.Silkscreen
    @(63.4100 mm, 110.4750 mm): Segment of Joystick on F.Silkscreen
[silk_overlap]: Silkscreen clearance
    Rule: board setup constraints silk; warning
    @(36.2500 mm, 86.9750 mm): Rule Area on F.Silkscreen
    @(63.4100 mm, 110.4750 mm): Segment of Joystick on F.Silkscreen
[silk_overlap]: Silkscreen clearance
    Rule: board setup constraints silk; warning
    @(36.2500 mm, 86.9750 mm): Rule Area on F.Silkscreen
    @(63.4100 mm, 113.2350 mm): Segment of Joystick on F.Silkscreen
[silk_over_copper]: Silkscreen clipped by solder mask
    Local override; warning
    @(48.2400 mm, 104.5700 mm): PCB text 'SCL
' on F.Silkscreen
    @(45.6900 mm, 104.8400 mm): PTH pad 4 [/SCL/I2C] of 3V3
[silk_over_copper]: Silkscreen clipped by solder mask
    Local override; warning
    @(48.2900 mm, 101.6200 mm): PCB text 'SDA
' on F.Silkscreen
    @(47.8500 mm, 102.3000 mm): NPTH pad of 3V3
[silk_over_copper]: Silkscreen clipped by solder mask
    Local override; warning
    @(48.2900 mm, 101.6200 mm): PCB text 'SDA
' on F.Silkscreen
    @(45.6900 mm, 102.3000 mm): PTH pad 3 [/SDA/I2C] of 3V3
[silk_over_copper]: Silkscreen clipped by solder mask
    Local override; warning
    @(36.2500 mm, 86.9750 mm): Rule Area on F.Silkscreen
    @(68.3900 mm, 104.6050 mm): PTH pad 1 [/UART/RX] of ESP32-C3
[silk_over_copper]: Silkscreen clipped by solder mask
    Local override; warning
    @(36.2500 mm, 86.9750 mm): Rule Area on F.Silkscreen
    @(68.3900 mm, 102.0650 mm): PTH pad 2 [/GPIO8/BOOT] of ESP32-C3
[silk_over_copper]: Silkscreen clipped by solder mask
    Local override; warning
    @(36.2500 mm, 86.9750 mm): Rule Area on F.Silkscreen
    @(68.3900 mm, 99.5250 mm): PTH pad 3 [/GPIO9/BOOT] of ESP32-C3
[silk_over_copper]: Silkscreen clipped by solder mask
    Local override; warning
    @(36.2500 mm, 86.9750 mm): Rule Area on F.Silkscreen
    @(68.3900 mm, 96.9850 mm): PTH pad 4 [/GPIO10] of ESP32-C3
[silk_over_copper]: Silkscreen clipped by solder mask
    Local override; warning
    @(36.2500 mm, 86.9750 mm): Rule Area on F.Silkscreen
    @(68.3900 mm, 94.4450 mm): PTH pad 5 [/3V3] of ESP32-C3
[silk_over_copper]: Silkscreen clipped by solder mask
    Local override; warning
    @(36.2500 mm, 86.9750 mm): Rule Area on F.Silkscreen
    @(68.3900 mm, 91.9050 mm): PTH pad 6 [/GND] of ESP32-C3
[silk_over_copper]: Silkscreen clipped by solder mask
    Local override; warning
    @(36.2500 mm, 86.9750 mm): Rule Area on F.Silkscreen
    @(68.3900 mm, 89.3650 mm): PTH pad 7 [/5V] of ESP32-C3
[silk_over_copper]: Silkscreen clipped by solder mask
    Local override; warning
    @(36.2500 mm, 86.9750 mm): Rule Area on F.Silkscreen
    @(53.1400 mm, 89.3650 mm): PTH pad 1 [/JOY_X] of ESP32-C3
[silk_over_copper]: Silkscreen clipped by solder mask
    Local override; warning
    @(36.2500 mm, 86.9750 mm): Rule Area on F.Silkscreen
    @(53.1400 mm, 91.9050 mm): PTH pad 2 [/JOY_Y] of ESP32-C3
[silk_over_copper]: Silkscreen clipped by solder mask
    Local override; warning
    @(36.2500 mm, 86.9750 mm): Rule Area on F.Silkscreen
    @(53.1400 mm, 94.4450 mm): PTH pad 3 [/JOY_SW] of ESP32-C3
[silk_over_copper]: Silkscreen clipped by solder mask
    Local override; warning
    @(36.2500 mm, 86.9750 mm): Rule Area on F.Silkscreen
    @(53.1400 mm, 96.9850 mm): PTH pad 4 [/JOY_BACK] of ESP32-C3
[silk_over_copper]: Silkscreen clipped by solder mask
    Local override; warning
    @(36.2500 mm, 86.9750 mm): Rule Area on F.Silkscreen
    @(53.1400 mm, 99.5250 mm): PTH pad 5 [/SDA/I2C] of ESP32-C3
[silk_over_copper]: Silkscreen clipped by solder mask
    Local override; warning
    @(36.2500 mm, 86.9750 mm): Rule Area on F.Silkscreen
    @(46.8050 mm, 90.7800 mm): PTH pad 1 [/VBAT] of J6/BAT
[silk_over_copper]: Silkscreen clipped by solder mask
    Local override; warning
    @(36.2500 mm, 86.9750 mm): Rule Area on F.Silkscreen
    @(44.2650 mm, 90.7800 mm): PTH pad 2 [/GND] of J6/BAT
[silk_over_copper]: Silkscreen clipped by solder mask
    Local override; warning
    @(36.2500 mm, 86.9750 mm): Rule Area on F.Silkscreen
    @(53.1400 mm, 102.0650 mm): PTH pad 6 [/SCL/I2C] of ESP32-C3
[silk_over_copper]: Silkscreen clipped by solder mask
    Local override; warning
    @(36.2500 mm, 86.9750 mm): Rule Area on F.Silkscreen
    @(53.1400 mm, 104.6050 mm): PTH pad 7 [/UART/TX] of ESP32-C3
[silk_over_copper]: Silkscreen clipped by solder mask
    Local override; warning
    @(36.2500 mm, 86.9750 mm): Rule Area on F.Silkscreen
    @(64.6800 mm, 111.8550 mm): PTH pad 1 [/3V3] of Joystick
[silk_over_copper]: Silkscreen clipped by solder mask
    Local override; warning
    @(36.2500 mm, 86.9750 mm): Rule Area on F.Silkscreen
    @(62.1400 mm, 111.8550 mm): PTH pad 2 [/GND] of Joystick
[silk_over_copper]: Silkscreen clipped by solder mask
    Local override; warning
    @(36.2500 mm, 86.9750 mm): Rule Area on F.Silkscreen
    @(59.6000 mm, 111.8550 mm): PTH pad 3 [/JOY_X] of Joystick
[silk_over_copper]: Silkscreen clipped by solder mask
    Local override; warning
    @(36.2500 mm, 86.9750 mm): Rule Area on F.Silkscreen
    @(57.0600 mm, 111.8550 mm): PTH pad 4 [/JOY_Y] of Joystick
[silk_over_copper]: Silkscreen clipped by solder mask
    Local override; warning
    @(36.2500 mm, 86.9750 mm): Rule Area on F.Silkscreen
    @(54.5200 mm, 111.8550 mm): PTH pad 5 [/JOY_SW] of Joystick
[silk_over_copper]: Silkscreen clipped by solder mask
    Local override; warning
    @(36.2500 mm, 86.9750 mm): Rule Area on F.Silkscreen
    @(39.3900 mm, 99.8550 mm): Pad 1 [/SDA/I2C] of R1 on F.Cu
[silk_over_copper]: Silkscreen clipped by solder mask
    Local override; warning
    @(36.2500 mm, 86.9750 mm): Rule Area on F.Silkscreen
    @(39.3900 mm, 97.8550 mm): Pad 2 [/3V3] of R1 on F.Cu
[silk_over_copper]: Silkscreen clipped by solder mask
    Local override; warning
    @(36.2500 mm, 86.9750 mm): Rule Area on F.Silkscreen
    @(45.6900 mm, 97.2200 mm): PTH pad 1 [/3V3] of 3V3
[silk_over_copper]: Silkscreen clipped by solder mask
    Local override; warning
    @(36.2500 mm, 86.9750 mm): Rule Area on F.Silkscreen
    @(45.6900 mm, 99.7600 mm): PTH pad 2 [/GND] of 3V3
[silk_over_copper]: Silkscreen clipped by solder mask
    Local override; warning
    @(36.2500 mm, 86.9750 mm): Rule Area on F.Silkscreen
    @(39.3900 mm, 104.0200 mm): Pad 1 [/SCL/I2C] of R2 on F.Cu
[silk_over_copper]: Silkscreen clipped by solder mask
    Local override; warning
    @(36.2500 mm, 86.9750 mm): Rule Area on F.Silkscreen
    @(39.3900 mm, 102.0200 mm): Pad 2 [/3V3] of R2 on F.Cu
[silk_over_copper]: Silkscreen clipped by solder mask
    Local override; warning
    @(36.2500 mm, 86.9750 mm): Rule Area on F.Silkscreen
    @(47.8500 mm, 102.3000 mm): NPTH pad of 3V3
[silk_over_copper]: Silkscreen clipped by solder mask
    Local override; warning
    @(36.2500 mm, 86.9750 mm): Rule Area on F.Silkscreen
    @(45.6900 mm, 102.3000 mm): PTH pad 3 [/SDA/I2C] of 3V3
[silk_over_copper]: Silkscreen clipped by solder mask
    Local override; warning
    @(36.2500 mm, 86.9750 mm): Rule Area on F.Silkscreen
    @(45.6900 mm, 104.8400 mm): PTH pad 4 [/SCL/I2C] of 3V3
[silk_over_copper]: Silkscreen clipped by solder mask
    Local override; warning
    @(36.2500 mm, 86.9750 mm): Rule Area on F.Silkscreen
    @(45.8400 mm, 110.8050 mm): Pad 1 [/JOY_BACK] of SW1 on F.Cu
[silk_over_copper]: Silkscreen clipped by solder mask
    Local override; warning
    @(36.2500 mm, 86.9750 mm): Rule Area on F.Silkscreen
    @(46.9150 mm, 112.3550 mm): NPTH pad of SW1
[silk_over_copper]: Silkscreen clipped by solder mask
    Local override; warning
    @(36.2500 mm, 86.9750 mm): Rule Area on F.Silkscreen
    @(48.8650 mm, 112.3550 mm): NPTH pad of SW1
[silk_over_copper]: Silkscreen clipped by solder mask
    Local override; warning
    @(36.2500 mm, 86.9750 mm): Rule Area on F.Silkscreen
    @(45.8400 mm, 112.4050 mm): Pad 2 [/GND] of SW1 on F.Cu
[silk_over_copper]: Silkscreen clipped by solder mask
    Local override; warning
    @(36.2500 mm, 86.9750 mm): Rule Area on F.Silkscreen
    @(49.9400 mm, 112.4050 mm): Pad 2 [/GND] of SW1 on F.Cu
[silk_over_copper]: Silkscreen clipped by solder mask
    Local override; warning
    @(36.2500 mm, 86.9750 mm): Rule Area on F.Silkscreen
    @(49.9400 mm, 110.8050 mm): Pad 1 [/JOY_BACK] of SW1 on F.Cu
[silk_over_copper]: Silkscreen clipped by solder mask
    Local override; warning
    @(36.2500 mm, 86.9750 mm): Rule Area on F.Silkscreen
    @(47.8900 mm, 110.1800 mm): Pad SH [/GND] of SW1 on F.Cu

** Found 0 unconnected pads **

** Found 0 Footprint errors **

** Ignored checks **
    - Footprint has no courtyard defined
    - Track endpoint not centered on via
    - Tuning profile track geometries
    - Footprint doesn't match symbol's footprint filters
    - Footprint component type doesn't match footprint pads

** End of Report **
